

================================================================
== Vivado HLS Report for 'myproject'
================================================================
* Date:           Thu Mar 17 21:39:39 2022

* Version:        2019.2.1 (Build 2724168 on Thu Dec 05 05:19:09 MST 2019)
* Project:        myproject_prj
* Solution:       solution1
* Product family: zynquplus
* Target device:  xczu9eg-ffvb1156-2-e


================================================================
== Performance Estimates
================================================================
+ Timing: 
    * Summary: 
    +--------+---------+----------+------------+
    |  Clock |  Target | Estimated| Uncertainty|
    +--------+---------+----------+------------+
    |ap_clk  | 5.00 ns | 3.893 ns |   0.62 ns  |
    +--------+---------+----------+------------+

+ Latency: 
    * Summary: 
    +---------+---------+-----------+----------+------+-------+----------+
    |  Latency (cycles) |  Latency (absolute)  |   Interval   | Pipeline |
    |   min   |   max   |    min    |    max   |  min |  max  |   Type   |
    +---------+---------+-----------+----------+------+-------+----------+
    |     6964|    42214| 34.820 us | 0.211 ms |  6452|  41702| dataflow |
    +---------+---------+-----------+----------+------+-------+----------+

    + Detail: 
        * Instance: 
        +--------------------------------------------------------+-------------------------------------------------------+---------+---------+-----------+-----------+------+-------+---------+
        |                                                        |                                                       |  Latency (cycles) |   Latency (absolute)  |   Interval   | Pipeline|
        |                        Instance                        |                         Module                        |   min   |   max   |    min    |    max    |  min |  max  |   Type  |
        +--------------------------------------------------------+-------------------------------------------------------+---------+---------+-----------+-----------+------+-------+---------+
        |conv_2d_cl_me_ap_fixed_ap_fixed_16_14_5_3_0_config2_U0  |conv_2d_cl_me_ap_fixed_ap_fixed_16_14_5_3_0_config2_s  |     6451|    41701| 32.255 us |  0.209 ms |  6451|  41701|   none  |
        |myproject_entry3_U0                                     |myproject_entry3                                       |        0|        0|    0 ns   |    0 ns   |     0|      0|   none  |
        |myproject_entry73_U0                                    |myproject_entry73                                      |        0|        0|    0 ns   |    0 ns   |     0|      0|   none  |
        |zeropad2d_cl_me_ap_fixed_ap_fixed_config4_U0            |zeropad2d_cl_me_ap_fixed_ap_fixed_config4_s            |     6403|     6403| 32.015 us | 32.015 us |  6403|   6403|   none  |
        |Block_proc_U0                                           |Block_proc                                             |        0|        0|    0 ns   |    0 ns   |     0|      0|   none  |
        +--------------------------------------------------------+-------------------------------------------------------+---------+---------+-----------+-----------+------+-------+---------+

        * Loop: 
        N/A



================================================================
== Utilization Estimates
================================================================
* Summary: 
+-----------------+---------+-------+--------+--------+-----+
|       Name      | BRAM_18K| DSP48E|   FF   |   LUT  | URAM|
+-----------------+---------+-------+--------+--------+-----+
|DSP              |        -|      -|       -|       -|    -|
|Expression       |        -|      -|       0|      58|    -|
|FIFO             |        0|      -|    2663|   14439|    -|
|Instance         |        0|    512|  165980|   67825|    -|
|Memory           |        -|      -|       -|       -|    -|
|Multiplexer      |        -|      -|       -|      72|    -|
|Register         |        -|      -|      12|       -|    -|
+-----------------+---------+-------+--------+--------+-----+
|Total            |        0|    512|  168655|   82394|    0|
+-----------------+---------+-------+--------+--------+-----+
|Available        |     1824|   2520|  548160|  274080|    0|
+-----------------+---------+-------+--------+--------+-----+
|Utilization (%)  |        0|     20|      30|      30|    0|
+-----------------+---------+-------+--------+--------+-----+

+ Detail: 
    * Instance: 
    +--------------------------------------------------------+-------------------------------------------------------+---------+-------+--------+-------+-----+
    |                        Instance                        |                         Module                        | BRAM_18K| DSP48E|   FF   |  LUT  | URAM|
    +--------------------------------------------------------+-------------------------------------------------------+---------+-------+--------+-------+-----+
    |Block_proc_U0                                           |Block_proc                                             |        0|      0|       2|     11|    0|
    |conv_2d_cl_me_ap_fixed_ap_fixed_16_14_5_3_0_config2_U0  |conv_2d_cl_me_ap_fixed_ap_fixed_16_14_5_3_0_config2_s  |        0|    512|  164672|  58514|    0|
    |myproject_entry3_U0                                     |myproject_entry3                                       |        0|      0|       3|   2324|    0|
    |myproject_entry73_U0                                    |myproject_entry73                                      |        0|      0|       2|   4619|    0|
    |zeropad2d_cl_me_ap_fixed_ap_fixed_config4_U0            |zeropad2d_cl_me_ap_fixed_ap_fixed_config4_s            |        0|      0|    1301|   2357|    0|
    +--------------------------------------------------------+-------------------------------------------------------+---------+-------+--------+-------+-----+
    |Total                                                   |                                                       |        0|    512|  165980|  67825|    0|
    +--------------------------------------------------------+-------------------------------------------------------+---------+-------+--------+-------+-----+

    * DSP48E: 
    N/A

    * Memory: 
    N/A

    * FIFO: 
    +------------------+---------+-----+----+-----+------+-----+---------+
    |       Name       | BRAM_18K|  FF | LUT| URAM| Depth| Bits| Size:D*B|
    +------------------+---------+-----+----+-----+------+-----+---------+
    |b2_0_V_c1_U       |        0|    5|   0|    -|     2|   16|       32|
    |b2_0_V_c_U        |        0|    5|   0|    -|     3|   16|       48|
    |b2_100_V_c101_U   |        0|    5|   0|    -|     2|   16|       32|
    |b2_100_V_c_U      |        0|    5|   0|    -|     3|   16|       48|
    |b2_101_V_c102_U   |        0|    5|   0|    -|     2|   16|       32|
    |b2_101_V_c_U      |        0|    5|   0|    -|     3|   16|       48|
    |b2_102_V_c103_U   |        0|    5|   0|    -|     2|   16|       32|
    |b2_102_V_c_U      |        0|    5|   0|    -|     3|   16|       48|
    |b2_103_V_c104_U   |        0|    5|   0|    -|     2|   16|       32|
    |b2_103_V_c_U      |        0|    5|   0|    -|     3|   16|       48|
    |b2_104_V_c105_U   |        0|    5|   0|    -|     2|   16|       32|
    |b2_104_V_c_U      |        0|    5|   0|    -|     3|   16|       48|
    |b2_105_V_c106_U   |        0|    5|   0|    -|     2|   16|       32|
    |b2_105_V_c_U      |        0|    5|   0|    -|     3|   16|       48|
    |b2_106_V_c107_U   |        0|    5|   0|    -|     2|   16|       32|
    |b2_106_V_c_U      |        0|    5|   0|    -|     3|   16|       48|
    |b2_107_V_c108_U   |        0|    5|   0|    -|     2|   16|       32|
    |b2_107_V_c_U      |        0|    5|   0|    -|     3|   16|       48|
    |b2_108_V_c109_U   |        0|    5|   0|    -|     2|   16|       32|
    |b2_108_V_c_U      |        0|    5|   0|    -|     3|   16|       48|
    |b2_109_V_c110_U   |        0|    5|   0|    -|     2|   16|       32|
    |b2_109_V_c_U      |        0|    5|   0|    -|     3|   16|       48|
    |b2_10_V_c11_U     |        0|    5|   0|    -|     2|   16|       32|
    |b2_10_V_c_U       |        0|    5|   0|    -|     3|   16|       48|
    |b2_110_V_c111_U   |        0|    5|   0|    -|     2|   16|       32|
    |b2_110_V_c_U      |        0|    5|   0|    -|     3|   16|       48|
    |b2_111_V_c112_U   |        0|    5|   0|    -|     2|   16|       32|
    |b2_111_V_c_U      |        0|    5|   0|    -|     3|   16|       48|
    |b2_112_V_c113_U   |        0|    5|   0|    -|     2|   16|       32|
    |b2_112_V_c_U      |        0|    5|   0|    -|     3|   16|       48|
    |b2_113_V_c114_U   |        0|    5|   0|    -|     2|   16|       32|
    |b2_113_V_c_U      |        0|    5|   0|    -|     3|   16|       48|
    |b2_114_V_c115_U   |        0|    5|   0|    -|     2|   16|       32|
    |b2_114_V_c_U      |        0|    5|   0|    -|     3|   16|       48|
    |b2_115_V_c116_U   |        0|    5|   0|    -|     2|   16|       32|
    |b2_115_V_c_U      |        0|    5|   0|    -|     3|   16|       48|
    |b2_116_V_c117_U   |        0|    5|   0|    -|     2|   16|       32|
    |b2_116_V_c_U      |        0|    5|   0|    -|     3|   16|       48|
    |b2_117_V_c118_U   |        0|    5|   0|    -|     2|   16|       32|
    |b2_117_V_c_U      |        0|    5|   0|    -|     3|   16|       48|
    |b2_118_V_c119_U   |        0|    5|   0|    -|     2|   16|       32|
    |b2_118_V_c_U      |        0|    5|   0|    -|     3|   16|       48|
    |b2_119_V_c120_U   |        0|    5|   0|    -|     2|   16|       32|
    |b2_119_V_c_U      |        0|    5|   0|    -|     3|   16|       48|
    |b2_11_V_c12_U     |        0|    5|   0|    -|     2|   16|       32|
    |b2_11_V_c_U       |        0|    5|   0|    -|     3|   16|       48|
    |b2_120_V_c121_U   |        0|    5|   0|    -|     2|   16|       32|
    |b2_120_V_c_U      |        0|    5|   0|    -|     3|   16|       48|
    |b2_121_V_c122_U   |        0|    5|   0|    -|     2|   16|       32|
    |b2_121_V_c_U      |        0|    5|   0|    -|     3|   16|       48|
    |b2_122_V_c123_U   |        0|    5|   0|    -|     2|   16|       32|
    |b2_122_V_c_U      |        0|    5|   0|    -|     3|   16|       48|
    |b2_123_V_c124_U   |        0|    5|   0|    -|     2|   16|       32|
    |b2_123_V_c_U      |        0|    5|   0|    -|     3|   16|       48|
    |b2_124_V_c125_U   |        0|    5|   0|    -|     2|   16|       32|
    |b2_124_V_c_U      |        0|    5|   0|    -|     3|   16|       48|
    |b2_125_V_c126_U   |        0|    5|   0|    -|     2|   16|       32|
    |b2_125_V_c_U      |        0|    5|   0|    -|     3|   16|       48|
    |b2_126_V_c127_U   |        0|    5|   0|    -|     2|   16|       32|
    |b2_126_V_c_U      |        0|    5|   0|    -|     3|   16|       48|
    |b2_127_V_c128_U   |        0|    5|   0|    -|     2|   16|       32|
    |b2_127_V_c_U      |        0|    5|   0|    -|     3|   16|       48|
    |b2_128_V_c129_U   |        0|    5|   0|    -|     2|   16|       32|
    |b2_128_V_c_U      |        0|    5|   0|    -|     3|   16|       48|
    |b2_129_V_c130_U   |        0|    5|   0|    -|     2|   16|       32|
    |b2_129_V_c_U      |        0|    5|   0|    -|     3|   16|       48|
    |b2_12_V_c13_U     |        0|    5|   0|    -|     2|   16|       32|
    |b2_12_V_c_U       |        0|    5|   0|    -|     3|   16|       48|
    |b2_130_V_c131_U   |        0|    5|   0|    -|     2|   16|       32|
    |b2_130_V_c_U      |        0|    5|   0|    -|     3|   16|       48|
    |b2_131_V_c132_U   |        0|    5|   0|    -|     2|   16|       32|
    |b2_131_V_c_U      |        0|    5|   0|    -|     3|   16|       48|
    |b2_132_V_c133_U   |        0|    5|   0|    -|     2|   16|       32|
    |b2_132_V_c_U      |        0|    5|   0|    -|     3|   16|       48|
    |b2_133_V_c134_U   |        0|    5|   0|    -|     2|   16|       32|
    |b2_133_V_c_U      |        0|    5|   0|    -|     3|   16|       48|
    |b2_134_V_c135_U   |        0|    5|   0|    -|     2|   16|       32|
    |b2_134_V_c_U      |        0|    5|   0|    -|     3|   16|       48|
    |b2_135_V_c136_U   |        0|    5|   0|    -|     2|   16|       32|
    |b2_135_V_c_U      |        0|    5|   0|    -|     3|   16|       48|
    |b2_136_V_c137_U   |        0|    5|   0|    -|     2|   16|       32|
    |b2_136_V_c_U      |        0|    5|   0|    -|     3|   16|       48|
    |b2_137_V_c138_U   |        0|    5|   0|    -|     2|   16|       32|
    |b2_137_V_c_U      |        0|    5|   0|    -|     3|   16|       48|
    |b2_138_V_c139_U   |        0|    5|   0|    -|     2|   16|       32|
    |b2_138_V_c_U      |        0|    5|   0|    -|     3|   16|       48|
    |b2_139_V_c140_U   |        0|    5|   0|    -|     2|   16|       32|
    |b2_139_V_c_U      |        0|    5|   0|    -|     3|   16|       48|
    |b2_13_V_c14_U     |        0|    5|   0|    -|     2|   16|       32|
    |b2_13_V_c_U       |        0|    5|   0|    -|     3|   16|       48|
    |b2_140_V_c141_U   |        0|    5|   0|    -|     2|   16|       32|
    |b2_140_V_c_U      |        0|    5|   0|    -|     3|   16|       48|
    |b2_141_V_c142_U   |        0|    5|   0|    -|     2|   16|       32|
    |b2_141_V_c_U      |        0|    5|   0|    -|     3|   16|       48|
    |b2_142_V_c143_U   |        0|    5|   0|    -|     2|   16|       32|
    |b2_142_V_c_U      |        0|    5|   0|    -|     3|   16|       48|
    |b2_143_V_c144_U   |        0|    5|   0|    -|     2|   16|       32|
    |b2_143_V_c_U      |        0|    5|   0|    -|     3|   16|       48|
    |b2_144_V_c145_U   |        0|    5|   0|    -|     2|   16|       32|
    |b2_144_V_c_U      |        0|    5|   0|    -|     3|   16|       48|
    |b2_145_V_c146_U   |        0|    5|   0|    -|     2|   16|       32|
    |b2_145_V_c_U      |        0|    5|   0|    -|     3|   16|       48|
    |b2_146_V_c147_U   |        0|    5|   0|    -|     2|   16|       32|
    |b2_146_V_c_U      |        0|    5|   0|    -|     3|   16|       48|
    |b2_147_V_c148_U   |        0|    5|   0|    -|     2|   16|       32|
    |b2_147_V_c_U      |        0|    5|   0|    -|     3|   16|       48|
    |b2_148_V_c149_U   |        0|    5|   0|    -|     2|   16|       32|
    |b2_148_V_c_U      |        0|    5|   0|    -|     3|   16|       48|
    |b2_149_V_c150_U   |        0|    5|   0|    -|     2|   16|       32|
    |b2_149_V_c_U      |        0|    5|   0|    -|     3|   16|       48|
    |b2_14_V_c15_U     |        0|    5|   0|    -|     2|   16|       32|
    |b2_14_V_c_U       |        0|    5|   0|    -|     3|   16|       48|
    |b2_150_V_c151_U   |        0|    5|   0|    -|     2|   16|       32|
    |b2_150_V_c_U      |        0|    5|   0|    -|     3|   16|       48|
    |b2_151_V_c152_U   |        0|    5|   0|    -|     2|   16|       32|
    |b2_151_V_c_U      |        0|    5|   0|    -|     3|   16|       48|
    |b2_152_V_c153_U   |        0|    5|   0|    -|     2|   16|       32|
    |b2_152_V_c_U      |        0|    5|   0|    -|     3|   16|       48|
    |b2_153_V_c154_U   |        0|    5|   0|    -|     2|   16|       32|
    |b2_153_V_c_U      |        0|    5|   0|    -|     3|   16|       48|
    |b2_154_V_c155_U   |        0|    5|   0|    -|     2|   16|       32|
    |b2_154_V_c_U      |        0|    5|   0|    -|     3|   16|       48|
    |b2_155_V_c156_U   |        0|    5|   0|    -|     2|   16|       32|
    |b2_155_V_c_U      |        0|    5|   0|    -|     3|   16|       48|
    |b2_156_V_c157_U   |        0|    5|   0|    -|     2|   16|       32|
    |b2_156_V_c_U      |        0|    5|   0|    -|     3|   16|       48|
    |b2_157_V_c158_U   |        0|    5|   0|    -|     2|   16|       32|
    |b2_157_V_c_U      |        0|    5|   0|    -|     3|   16|       48|
    |b2_158_V_c159_U   |        0|    5|   0|    -|     2|   16|       32|
    |b2_158_V_c_U      |        0|    5|   0|    -|     3|   16|       48|
    |b2_159_V_c160_U   |        0|    5|   0|    -|     2|   16|       32|
    |b2_159_V_c_U      |        0|    5|   0|    -|     3|   16|       48|
    |b2_15_V_c16_U     |        0|    5|   0|    -|     2|   16|       32|
    |b2_15_V_c_U       |        0|    5|   0|    -|     3|   16|       48|
    |b2_160_V_c161_U   |        0|    5|   0|    -|     2|   16|       32|
    |b2_160_V_c_U      |        0|    5|   0|    -|     3|   16|       48|
    |b2_161_V_c162_U   |        0|    5|   0|    -|     2|   16|       32|
    |b2_161_V_c_U      |        0|    5|   0|    -|     3|   16|       48|
    |b2_162_V_c163_U   |        0|    5|   0|    -|     2|   16|       32|
    |b2_162_V_c_U      |        0|    5|   0|    -|     3|   16|       48|
    |b2_163_V_c164_U   |        0|    5|   0|    -|     2|   16|       32|
    |b2_163_V_c_U      |        0|    5|   0|    -|     3|   16|       48|
    |b2_164_V_c165_U   |        0|    5|   0|    -|     2|   16|       32|
    |b2_164_V_c_U      |        0|    5|   0|    -|     3|   16|       48|
    |b2_165_V_c166_U   |        0|    5|   0|    -|     2|   16|       32|
    |b2_165_V_c_U      |        0|    5|   0|    -|     3|   16|       48|
    |b2_166_V_c167_U   |        0|    5|   0|    -|     2|   16|       32|
    |b2_166_V_c_U      |        0|    5|   0|    -|     3|   16|       48|
    |b2_167_V_c168_U   |        0|    5|   0|    -|     2|   16|       32|
    |b2_167_V_c_U      |        0|    5|   0|    -|     3|   16|       48|
    |b2_168_V_c169_U   |        0|    5|   0|    -|     2|   16|       32|
    |b2_168_V_c_U      |        0|    5|   0|    -|     3|   16|       48|
    |b2_169_V_c170_U   |        0|    5|   0|    -|     2|   16|       32|
    |b2_169_V_c_U      |        0|    5|   0|    -|     3|   16|       48|
    |b2_16_V_c17_U     |        0|    5|   0|    -|     2|   16|       32|
    |b2_16_V_c_U       |        0|    5|   0|    -|     3|   16|       48|
    |b2_170_V_c171_U   |        0|    5|   0|    -|     2|   16|       32|
    |b2_170_V_c_U      |        0|    5|   0|    -|     3|   16|       48|
    |b2_171_V_c172_U   |        0|    5|   0|    -|     2|   16|       32|
    |b2_171_V_c_U      |        0|    5|   0|    -|     3|   16|       48|
    |b2_172_V_c173_U   |        0|    5|   0|    -|     2|   16|       32|
    |b2_172_V_c_U      |        0|    5|   0|    -|     3|   16|       48|
    |b2_173_V_c174_U   |        0|    5|   0|    -|     2|   16|       32|
    |b2_173_V_c_U      |        0|    5|   0|    -|     3|   16|       48|
    |b2_174_V_c175_U   |        0|    5|   0|    -|     2|   16|       32|
    |b2_174_V_c_U      |        0|    5|   0|    -|     3|   16|       48|
    |b2_175_V_c176_U   |        0|    5|   0|    -|     2|   16|       32|
    |b2_175_V_c_U      |        0|    5|   0|    -|     3|   16|       48|
    |b2_176_V_c177_U   |        0|    5|   0|    -|     2|   16|       32|
    |b2_176_V_c_U      |        0|    5|   0|    -|     3|   16|       48|
    |b2_177_V_c178_U   |        0|    5|   0|    -|     2|   16|       32|
    |b2_177_V_c_U      |        0|    5|   0|    -|     3|   16|       48|
    |b2_178_V_c179_U   |        0|    5|   0|    -|     2|   16|       32|
    |b2_178_V_c_U      |        0|    5|   0|    -|     3|   16|       48|
    |b2_179_V_c180_U   |        0|    5|   0|    -|     2|   16|       32|
    |b2_179_V_c_U      |        0|    5|   0|    -|     3|   16|       48|
    |b2_17_V_c18_U     |        0|    5|   0|    -|     2|   16|       32|
    |b2_17_V_c_U       |        0|    5|   0|    -|     3|   16|       48|
    |b2_180_V_c181_U   |        0|    5|   0|    -|     2|   16|       32|
    |b2_180_V_c_U      |        0|    5|   0|    -|     3|   16|       48|
    |b2_181_V_c182_U   |        0|    5|   0|    -|     2|   16|       32|
    |b2_181_V_c_U      |        0|    5|   0|    -|     3|   16|       48|
    |b2_182_V_c183_U   |        0|    5|   0|    -|     2|   16|       32|
    |b2_182_V_c_U      |        0|    5|   0|    -|     3|   16|       48|
    |b2_183_V_c184_U   |        0|    5|   0|    -|     2|   16|       32|
    |b2_183_V_c_U      |        0|    5|   0|    -|     3|   16|       48|
    |b2_184_V_c185_U   |        0|    5|   0|    -|     2|   16|       32|
    |b2_184_V_c_U      |        0|    5|   0|    -|     3|   16|       48|
    |b2_185_V_c186_U   |        0|    5|   0|    -|     2|   16|       32|
    |b2_185_V_c_U      |        0|    5|   0|    -|     3|   16|       48|
    |b2_186_V_c187_U   |        0|    5|   0|    -|     2|   16|       32|
    |b2_186_V_c_U      |        0|    5|   0|    -|     3|   16|       48|
    |b2_187_V_c188_U   |        0|    5|   0|    -|     2|   16|       32|
    |b2_187_V_c_U      |        0|    5|   0|    -|     3|   16|       48|
    |b2_188_V_c189_U   |        0|    5|   0|    -|     2|   16|       32|
    |b2_188_V_c_U      |        0|    5|   0|    -|     3|   16|       48|
    |b2_189_V_c190_U   |        0|    5|   0|    -|     2|   16|       32|
    |b2_189_V_c_U      |        0|    5|   0|    -|     3|   16|       48|
    |b2_18_V_c19_U     |        0|    5|   0|    -|     2|   16|       32|
    |b2_18_V_c_U       |        0|    5|   0|    -|     3|   16|       48|
    |b2_190_V_c191_U   |        0|    5|   0|    -|     2|   16|       32|
    |b2_190_V_c_U      |        0|    5|   0|    -|     3|   16|       48|
    |b2_191_V_c192_U   |        0|    5|   0|    -|     2|   16|       32|
    |b2_191_V_c_U      |        0|    5|   0|    -|     3|   16|       48|
    |b2_192_V_c193_U   |        0|    5|   0|    -|     2|   16|       32|
    |b2_192_V_c_U      |        0|    5|   0|    -|     3|   16|       48|
    |b2_193_V_c194_U   |        0|    5|   0|    -|     2|   16|       32|
    |b2_193_V_c_U      |        0|    5|   0|    -|     3|   16|       48|
    |b2_194_V_c195_U   |        0|    5|   0|    -|     2|   16|       32|
    |b2_194_V_c_U      |        0|    5|   0|    -|     3|   16|       48|
    |b2_195_V_c196_U   |        0|    5|   0|    -|     2|   16|       32|
    |b2_195_V_c_U      |        0|    5|   0|    -|     3|   16|       48|
    |b2_196_V_c197_U   |        0|    5|   0|    -|     2|   16|       32|
    |b2_196_V_c_U      |        0|    5|   0|    -|     3|   16|       48|
    |b2_197_V_c198_U   |        0|    5|   0|    -|     2|   16|       32|
    |b2_197_V_c_U      |        0|    5|   0|    -|     3|   16|       48|
    |b2_198_V_c199_U   |        0|    5|   0|    -|     2|   16|       32|
    |b2_198_V_c_U      |        0|    5|   0|    -|     3|   16|       48|
    |b2_199_V_c200_U   |        0|    5|   0|    -|     2|   16|       32|
    |b2_199_V_c_U      |        0|    5|   0|    -|     3|   16|       48|
    |b2_19_V_c20_U     |        0|    5|   0|    -|     2|   16|       32|
    |b2_19_V_c_U       |        0|    5|   0|    -|     3|   16|       48|
    |b2_1_V_c2_U       |        0|    5|   0|    -|     2|   16|       32|
    |b2_1_V_c_U        |        0|    5|   0|    -|     3|   16|       48|
    |b2_200_V_c201_U   |        0|    5|   0|    -|     2|   16|       32|
    |b2_200_V_c_U      |        0|    5|   0|    -|     3|   16|       48|
    |b2_201_V_c202_U   |        0|    5|   0|    -|     2|   16|       32|
    |b2_201_V_c_U      |        0|    5|   0|    -|     3|   16|       48|
    |b2_202_V_c203_U   |        0|    5|   0|    -|     2|   16|       32|
    |b2_202_V_c_U      |        0|    5|   0|    -|     3|   16|       48|
    |b2_203_V_c204_U   |        0|    5|   0|    -|     2|   16|       32|
    |b2_203_V_c_U      |        0|    5|   0|    -|     3|   16|       48|
    |b2_204_V_c205_U   |        0|    5|   0|    -|     2|   16|       32|
    |b2_204_V_c_U      |        0|    5|   0|    -|     3|   16|       48|
    |b2_205_V_c206_U   |        0|    5|   0|    -|     2|   16|       32|
    |b2_205_V_c_U      |        0|    5|   0|    -|     3|   16|       48|
    |b2_206_V_c207_U   |        0|    5|   0|    -|     2|   16|       32|
    |b2_206_V_c_U      |        0|    5|   0|    -|     3|   16|       48|
    |b2_207_V_c208_U   |        0|    5|   0|    -|     2|   16|       32|
    |b2_207_V_c_U      |        0|    5|   0|    -|     3|   16|       48|
    |b2_208_V_c209_U   |        0|    5|   0|    -|     2|   16|       32|
    |b2_208_V_c_U      |        0|    5|   0|    -|     3|   16|       48|
    |b2_209_V_c210_U   |        0|    5|   0|    -|     2|   16|       32|
    |b2_209_V_c_U      |        0|    5|   0|    -|     3|   16|       48|
    |b2_20_V_c21_U     |        0|    5|   0|    -|     2|   16|       32|
    |b2_20_V_c_U       |        0|    5|   0|    -|     3|   16|       48|
    |b2_210_V_c211_U   |        0|    5|   0|    -|     2|   16|       32|
    |b2_210_V_c_U      |        0|    5|   0|    -|     3|   16|       48|
    |b2_211_V_c212_U   |        0|    5|   0|    -|     2|   16|       32|
    |b2_211_V_c_U      |        0|    5|   0|    -|     3|   16|       48|
    |b2_212_V_c213_U   |        0|    5|   0|    -|     2|   16|       32|
    |b2_212_V_c_U      |        0|    5|   0|    -|     3|   16|       48|
    |b2_213_V_c214_U   |        0|    5|   0|    -|     2|   16|       32|
    |b2_213_V_c_U      |        0|    5|   0|    -|     3|   16|       48|
    |b2_214_V_c215_U   |        0|    5|   0|    -|     2|   16|       32|
    |b2_214_V_c_U      |        0|    5|   0|    -|     3|   16|       48|
    |b2_215_V_c216_U   |        0|    5|   0|    -|     2|   16|       32|
    |b2_215_V_c_U      |        0|    5|   0|    -|     3|   16|       48|
    |b2_216_V_c217_U   |        0|    5|   0|    -|     2|   16|       32|
    |b2_216_V_c_U      |        0|    5|   0|    -|     3|   16|       48|
    |b2_217_V_c218_U   |        0|    5|   0|    -|     2|   16|       32|
    |b2_217_V_c_U      |        0|    5|   0|    -|     3|   16|       48|
    |b2_218_V_c219_U   |        0|    5|   0|    -|     2|   16|       32|
    |b2_218_V_c_U      |        0|    5|   0|    -|     3|   16|       48|
    |b2_219_V_c220_U   |        0|    5|   0|    -|     2|   16|       32|
    |b2_219_V_c_U      |        0|    5|   0|    -|     3|   16|       48|
    |b2_21_V_c22_U     |        0|    5|   0|    -|     2|   16|       32|
    |b2_21_V_c_U       |        0|    5|   0|    -|     3|   16|       48|
    |b2_220_V_c221_U   |        0|    5|   0|    -|     2|   16|       32|
    |b2_220_V_c_U      |        0|    5|   0|    -|     3|   16|       48|
    |b2_221_V_c222_U   |        0|    5|   0|    -|     2|   16|       32|
    |b2_221_V_c_U      |        0|    5|   0|    -|     3|   16|       48|
    |b2_222_V_c223_U   |        0|    5|   0|    -|     2|   16|       32|
    |b2_222_V_c_U      |        0|    5|   0|    -|     3|   16|       48|
    |b2_223_V_c224_U   |        0|    5|   0|    -|     2|   16|       32|
    |b2_223_V_c_U      |        0|    5|   0|    -|     3|   16|       48|
    |b2_224_V_c225_U   |        0|    5|   0|    -|     2|   16|       32|
    |b2_224_V_c_U      |        0|    5|   0|    -|     3|   16|       48|
    |b2_225_V_c226_U   |        0|    5|   0|    -|     2|   16|       32|
    |b2_225_V_c_U      |        0|    5|   0|    -|     3|   16|       48|
    |b2_226_V_c227_U   |        0|    5|   0|    -|     2|   16|       32|
    |b2_226_V_c_U      |        0|    5|   0|    -|     3|   16|       48|
    |b2_227_V_c228_U   |        0|    5|   0|    -|     2|   16|       32|
    |b2_227_V_c_U      |        0|    5|   0|    -|     3|   16|       48|
    |b2_228_V_c229_U   |        0|    5|   0|    -|     2|   16|       32|
    |b2_228_V_c_U      |        0|    5|   0|    -|     3|   16|       48|
    |b2_229_V_c230_U   |        0|    5|   0|    -|     2|   16|       32|
    |b2_229_V_c_U      |        0|    5|   0|    -|     3|   16|       48|
    |b2_22_V_c23_U     |        0|    5|   0|    -|     2|   16|       32|
    |b2_22_V_c_U       |        0|    5|   0|    -|     3|   16|       48|
    |b2_230_V_c231_U   |        0|    5|   0|    -|     2|   16|       32|
    |b2_230_V_c_U      |        0|    5|   0|    -|     3|   16|       48|
    |b2_231_V_c232_U   |        0|    5|   0|    -|     2|   16|       32|
    |b2_231_V_c_U      |        0|    5|   0|    -|     3|   16|       48|
    |b2_232_V_c233_U   |        0|    5|   0|    -|     2|   16|       32|
    |b2_232_V_c_U      |        0|    5|   0|    -|     3|   16|       48|
    |b2_233_V_c234_U   |        0|    5|   0|    -|     2|   16|       32|
    |b2_233_V_c_U      |        0|    5|   0|    -|     3|   16|       48|
    |b2_234_V_c235_U   |        0|    5|   0|    -|     2|   16|       32|
    |b2_234_V_c_U      |        0|    5|   0|    -|     3|   16|       48|
    |b2_235_V_c236_U   |        0|    5|   0|    -|     2|   16|       32|
    |b2_235_V_c_U      |        0|    5|   0|    -|     3|   16|       48|
    |b2_236_V_c237_U   |        0|    5|   0|    -|     2|   16|       32|
    |b2_236_V_c_U      |        0|    5|   0|    -|     3|   16|       48|
    |b2_237_V_c238_U   |        0|    5|   0|    -|     2|   16|       32|
    |b2_237_V_c_U      |        0|    5|   0|    -|     3|   16|       48|
    |b2_238_V_c239_U   |        0|    5|   0|    -|     2|   16|       32|
    |b2_238_V_c_U      |        0|    5|   0|    -|     3|   16|       48|
    |b2_239_V_c240_U   |        0|    5|   0|    -|     2|   16|       32|
    |b2_239_V_c_U      |        0|    5|   0|    -|     3|   16|       48|
    |b2_23_V_c24_U     |        0|    5|   0|    -|     2|   16|       32|
    |b2_23_V_c_U       |        0|    5|   0|    -|     3|   16|       48|
    |b2_240_V_c241_U   |        0|    5|   0|    -|     2|   16|       32|
    |b2_240_V_c_U      |        0|    5|   0|    -|     3|   16|       48|
    |b2_241_V_c242_U   |        0|    5|   0|    -|     2|   16|       32|
    |b2_241_V_c_U      |        0|    5|   0|    -|     3|   16|       48|
    |b2_242_V_c243_U   |        0|    5|   0|    -|     2|   16|       32|
    |b2_242_V_c_U      |        0|    5|   0|    -|     3|   16|       48|
    |b2_243_V_c244_U   |        0|    5|   0|    -|     2|   16|       32|
    |b2_243_V_c_U      |        0|    5|   0|    -|     3|   16|       48|
    |b2_244_V_c245_U   |        0|    5|   0|    -|     2|   16|       32|
    |b2_244_V_c_U      |        0|    5|   0|    -|     3|   16|       48|
    |b2_245_V_c246_U   |        0|    5|   0|    -|     2|   16|       32|
    |b2_245_V_c_U      |        0|    5|   0|    -|     3|   16|       48|
    |b2_246_V_c247_U   |        0|    5|   0|    -|     2|   16|       32|
    |b2_246_V_c_U      |        0|    5|   0|    -|     3|   16|       48|
    |b2_247_V_c248_U   |        0|    5|   0|    -|     2|   16|       32|
    |b2_247_V_c_U      |        0|    5|   0|    -|     3|   16|       48|
    |b2_248_V_c249_U   |        0|    5|   0|    -|     2|   16|       32|
    |b2_248_V_c_U      |        0|    5|   0|    -|     3|   16|       48|
    |b2_249_V_c250_U   |        0|    5|   0|    -|     2|   16|       32|
    |b2_249_V_c_U      |        0|    5|   0|    -|     3|   16|       48|
    |b2_24_V_c25_U     |        0|    5|   0|    -|     2|   16|       32|
    |b2_24_V_c_U       |        0|    5|   0|    -|     3|   16|       48|
    |b2_250_V_c251_U   |        0|    5|   0|    -|     2|   16|       32|
    |b2_250_V_c_U      |        0|    5|   0|    -|     3|   16|       48|
    |b2_251_V_c252_U   |        0|    5|   0|    -|     2|   16|       32|
    |b2_251_V_c_U      |        0|    5|   0|    -|     3|   16|       48|
    |b2_252_V_c253_U   |        0|    5|   0|    -|     2|   16|       32|
    |b2_252_V_c_U      |        0|    5|   0|    -|     3|   16|       48|
    |b2_253_V_c254_U   |        0|    5|   0|    -|     2|   16|       32|
    |b2_253_V_c_U      |        0|    5|   0|    -|     3|   16|       48|
    |b2_254_V_c255_U   |        0|    5|   0|    -|     2|   16|       32|
    |b2_254_V_c_U      |        0|    5|   0|    -|     3|   16|       48|
    |b2_255_V_c256_U   |        0|    5|   0|    -|     2|   16|       32|
    |b2_255_V_c_U      |        0|    5|   0|    -|     3|   16|       48|
    |b2_25_V_c26_U     |        0|    5|   0|    -|     2|   16|       32|
    |b2_25_V_c_U       |        0|    5|   0|    -|     3|   16|       48|
    |b2_26_V_c27_U     |        0|    5|   0|    -|     2|   16|       32|
    |b2_26_V_c_U       |        0|    5|   0|    -|     3|   16|       48|
    |b2_27_V_c28_U     |        0|    5|   0|    -|     2|   16|       32|
    |b2_27_V_c_U       |        0|    5|   0|    -|     3|   16|       48|
    |b2_28_V_c29_U     |        0|    5|   0|    -|     2|   16|       32|
    |b2_28_V_c_U       |        0|    5|   0|    -|     3|   16|       48|
    |b2_29_V_c30_U     |        0|    5|   0|    -|     2|   16|       32|
    |b2_29_V_c_U       |        0|    5|   0|    -|     3|   16|       48|
    |b2_2_V_c3_U       |        0|    5|   0|    -|     2|   16|       32|
    |b2_2_V_c_U        |        0|    5|   0|    -|     3|   16|       48|
    |b2_30_V_c31_U     |        0|    5|   0|    -|     2|   16|       32|
    |b2_30_V_c_U       |        0|    5|   0|    -|     3|   16|       48|
    |b2_31_V_c32_U     |        0|    5|   0|    -|     2|   16|       32|
    |b2_31_V_c_U       |        0|    5|   0|    -|     3|   16|       48|
    |b2_32_V_c33_U     |        0|    5|   0|    -|     2|   16|       32|
    |b2_32_V_c_U       |        0|    5|   0|    -|     3|   16|       48|
    |b2_33_V_c34_U     |        0|    5|   0|    -|     2|   16|       32|
    |b2_33_V_c_U       |        0|    5|   0|    -|     3|   16|       48|
    |b2_34_V_c35_U     |        0|    5|   0|    -|     2|   16|       32|
    |b2_34_V_c_U       |        0|    5|   0|    -|     3|   16|       48|
    |b2_35_V_c36_U     |        0|    5|   0|    -|     2|   16|       32|
    |b2_35_V_c_U       |        0|    5|   0|    -|     3|   16|       48|
    |b2_36_V_c37_U     |        0|    5|   0|    -|     2|   16|       32|
    |b2_36_V_c_U       |        0|    5|   0|    -|     3|   16|       48|
    |b2_37_V_c38_U     |        0|    5|   0|    -|     2|   16|       32|
    |b2_37_V_c_U       |        0|    5|   0|    -|     3|   16|       48|
    |b2_38_V_c39_U     |        0|    5|   0|    -|     2|   16|       32|
    |b2_38_V_c_U       |        0|    5|   0|    -|     3|   16|       48|
    |b2_39_V_c40_U     |        0|    5|   0|    -|     2|   16|       32|
    |b2_39_V_c_U       |        0|    5|   0|    -|     3|   16|       48|
    |b2_3_V_c4_U       |        0|    5|   0|    -|     2|   16|       32|
    |b2_3_V_c_U        |        0|    5|   0|    -|     3|   16|       48|
    |b2_40_V_c41_U     |        0|    5|   0|    -|     2|   16|       32|
    |b2_40_V_c_U       |        0|    5|   0|    -|     3|   16|       48|
    |b2_41_V_c42_U     |        0|    5|   0|    -|     2|   16|       32|
    |b2_41_V_c_U       |        0|    5|   0|    -|     3|   16|       48|
    |b2_42_V_c43_U     |        0|    5|   0|    -|     2|   16|       32|
    |b2_42_V_c_U       |        0|    5|   0|    -|     3|   16|       48|
    |b2_43_V_c44_U     |        0|    5|   0|    -|     2|   16|       32|
    |b2_43_V_c_U       |        0|    5|   0|    -|     3|   16|       48|
    |b2_44_V_c45_U     |        0|    5|   0|    -|     2|   16|       32|
    |b2_44_V_c_U       |        0|    5|   0|    -|     3|   16|       48|
    |b2_45_V_c46_U     |        0|    5|   0|    -|     2|   16|       32|
    |b2_45_V_c_U       |        0|    5|   0|    -|     3|   16|       48|
    |b2_46_V_c47_U     |        0|    5|   0|    -|     2|   16|       32|
    |b2_46_V_c_U       |        0|    5|   0|    -|     3|   16|       48|
    |b2_47_V_c48_U     |        0|    5|   0|    -|     2|   16|       32|
    |b2_47_V_c_U       |        0|    5|   0|    -|     3|   16|       48|
    |b2_48_V_c49_U     |        0|    5|   0|    -|     2|   16|       32|
    |b2_48_V_c_U       |        0|    5|   0|    -|     3|   16|       48|
    |b2_49_V_c50_U     |        0|    5|   0|    -|     2|   16|       32|
    |b2_49_V_c_U       |        0|    5|   0|    -|     3|   16|       48|
    |b2_4_V_c5_U       |        0|    5|   0|    -|     2|   16|       32|
    |b2_4_V_c_U        |        0|    5|   0|    -|     3|   16|       48|
    |b2_50_V_c51_U     |        0|    5|   0|    -|     2|   16|       32|
    |b2_50_V_c_U       |        0|    5|   0|    -|     3|   16|       48|
    |b2_51_V_c52_U     |        0|    5|   0|    -|     2|   16|       32|
    |b2_51_V_c_U       |        0|    5|   0|    -|     3|   16|       48|
    |b2_52_V_c53_U     |        0|    5|   0|    -|     2|   16|       32|
    |b2_52_V_c_U       |        0|    5|   0|    -|     3|   16|       48|
    |b2_53_V_c54_U     |        0|    5|   0|    -|     2|   16|       32|
    |b2_53_V_c_U       |        0|    5|   0|    -|     3|   16|       48|
    |b2_54_V_c55_U     |        0|    5|   0|    -|     2|   16|       32|
    |b2_54_V_c_U       |        0|    5|   0|    -|     3|   16|       48|
    |b2_55_V_c56_U     |        0|    5|   0|    -|     2|   16|       32|
    |b2_55_V_c_U       |        0|    5|   0|    -|     3|   16|       48|
    |b2_56_V_c57_U     |        0|    5|   0|    -|     2|   16|       32|
    |b2_56_V_c_U       |        0|    5|   0|    -|     3|   16|       48|
    |b2_57_V_c58_U     |        0|    5|   0|    -|     2|   16|       32|
    |b2_57_V_c_U       |        0|    5|   0|    -|     3|   16|       48|
    |b2_58_V_c59_U     |        0|    5|   0|    -|     2|   16|       32|
    |b2_58_V_c_U       |        0|    5|   0|    -|     3|   16|       48|
    |b2_59_V_c60_U     |        0|    5|   0|    -|     2|   16|       32|
    |b2_59_V_c_U       |        0|    5|   0|    -|     3|   16|       48|
    |b2_5_V_c6_U       |        0|    5|   0|    -|     2|   16|       32|
    |b2_5_V_c_U        |        0|    5|   0|    -|     3|   16|       48|
    |b2_60_V_c61_U     |        0|    5|   0|    -|     2|   16|       32|
    |b2_60_V_c_U       |        0|    5|   0|    -|     3|   16|       48|
    |b2_61_V_c62_U     |        0|    5|   0|    -|     2|   16|       32|
    |b2_61_V_c_U       |        0|    5|   0|    -|     3|   16|       48|
    |b2_62_V_c63_U     |        0|    5|   0|    -|     2|   16|       32|
    |b2_62_V_c_U       |        0|    5|   0|    -|     3|   16|       48|
    |b2_63_V_c64_U     |        0|    5|   0|    -|     2|   16|       32|
    |b2_63_V_c_U       |        0|    5|   0|    -|     3|   16|       48|
    |b2_64_V_c65_U     |        0|    5|   0|    -|     2|   16|       32|
    |b2_64_V_c_U       |        0|    5|   0|    -|     3|   16|       48|
    |b2_65_V_c66_U     |        0|    5|   0|    -|     2|   16|       32|
    |b2_65_V_c_U       |        0|    5|   0|    -|     3|   16|       48|
    |b2_66_V_c67_U     |        0|    5|   0|    -|     2|   16|       32|
    |b2_66_V_c_U       |        0|    5|   0|    -|     3|   16|       48|
    |b2_67_V_c68_U     |        0|    5|   0|    -|     2|   16|       32|
    |b2_67_V_c_U       |        0|    5|   0|    -|     3|   16|       48|
    |b2_68_V_c69_U     |        0|    5|   0|    -|     2|   16|       32|
    |b2_68_V_c_U       |        0|    5|   0|    -|     3|   16|       48|
    |b2_69_V_c70_U     |        0|    5|   0|    -|     2|   16|       32|
    |b2_69_V_c_U       |        0|    5|   0|    -|     3|   16|       48|
    |b2_6_V_c7_U       |        0|    5|   0|    -|     2|   16|       32|
    |b2_6_V_c_U        |        0|    5|   0|    -|     3|   16|       48|
    |b2_70_V_c71_U     |        0|    5|   0|    -|     2|   16|       32|
    |b2_70_V_c_U       |        0|    5|   0|    -|     3|   16|       48|
    |b2_71_V_c72_U     |        0|    5|   0|    -|     2|   16|       32|
    |b2_71_V_c_U       |        0|    5|   0|    -|     3|   16|       48|
    |b2_72_V_c73_U     |        0|    5|   0|    -|     2|   16|       32|
    |b2_72_V_c_U       |        0|    5|   0|    -|     3|   16|       48|
    |b2_73_V_c74_U     |        0|    5|   0|    -|     2|   16|       32|
    |b2_73_V_c_U       |        0|    5|   0|    -|     3|   16|       48|
    |b2_74_V_c75_U     |        0|    5|   0|    -|     2|   16|       32|
    |b2_74_V_c_U       |        0|    5|   0|    -|     3|   16|       48|
    |b2_75_V_c76_U     |        0|    5|   0|    -|     2|   16|       32|
    |b2_75_V_c_U       |        0|    5|   0|    -|     3|   16|       48|
    |b2_76_V_c77_U     |        0|    5|   0|    -|     2|   16|       32|
    |b2_76_V_c_U       |        0|    5|   0|    -|     3|   16|       48|
    |b2_77_V_c78_U     |        0|    5|   0|    -|     2|   16|       32|
    |b2_77_V_c_U       |        0|    5|   0|    -|     3|   16|       48|
    |b2_78_V_c79_U     |        0|    5|   0|    -|     2|   16|       32|
    |b2_78_V_c_U       |        0|    5|   0|    -|     3|   16|       48|
    |b2_79_V_c80_U     |        0|    5|   0|    -|     2|   16|       32|
    |b2_79_V_c_U       |        0|    5|   0|    -|     3|   16|       48|
    |b2_7_V_c8_U       |        0|    5|   0|    -|     2|   16|       32|
    |b2_7_V_c_U        |        0|    5|   0|    -|     3|   16|       48|
    |b2_80_V_c81_U     |        0|    5|   0|    -|     2|   16|       32|
    |b2_80_V_c_U       |        0|    5|   0|    -|     3|   16|       48|
    |b2_81_V_c82_U     |        0|    5|   0|    -|     2|   16|       32|
    |b2_81_V_c_U       |        0|    5|   0|    -|     3|   16|       48|
    |b2_82_V_c83_U     |        0|    5|   0|    -|     2|   16|       32|
    |b2_82_V_c_U       |        0|    5|   0|    -|     3|   16|       48|
    |b2_83_V_c84_U     |        0|    5|   0|    -|     2|   16|       32|
    |b2_83_V_c_U       |        0|    5|   0|    -|     3|   16|       48|
    |b2_84_V_c85_U     |        0|    5|   0|    -|     2|   16|       32|
    |b2_84_V_c_U       |        0|    5|   0|    -|     3|   16|       48|
    |b2_85_V_c86_U     |        0|    5|   0|    -|     2|   16|       32|
    |b2_85_V_c_U       |        0|    5|   0|    -|     3|   16|       48|
    |b2_86_V_c87_U     |        0|    5|   0|    -|     2|   16|       32|
    |b2_86_V_c_U       |        0|    5|   0|    -|     3|   16|       48|
    |b2_87_V_c88_U     |        0|    5|   0|    -|     2|   16|       32|
    |b2_87_V_c_U       |        0|    5|   0|    -|     3|   16|       48|
    |b2_88_V_c89_U     |        0|    5|   0|    -|     2|   16|       32|
    |b2_88_V_c_U       |        0|    5|   0|    -|     3|   16|       48|
    |b2_89_V_c90_U     |        0|    5|   0|    -|     2|   16|       32|
    |b2_89_V_c_U       |        0|    5|   0|    -|     3|   16|       48|
    |b2_8_V_c9_U       |        0|    5|   0|    -|     2|   16|       32|
    |b2_8_V_c_U        |        0|    5|   0|    -|     3|   16|       48|
    |b2_90_V_c91_U     |        0|    5|   0|    -|     2|   16|       32|
    |b2_90_V_c_U       |        0|    5|   0|    -|     3|   16|       48|
    |b2_91_V_c92_U     |        0|    5|   0|    -|     2|   16|       32|
    |b2_91_V_c_U       |        0|    5|   0|    -|     3|   16|       48|
    |b2_92_V_c93_U     |        0|    5|   0|    -|     2|   16|       32|
    |b2_92_V_c_U       |        0|    5|   0|    -|     3|   16|       48|
    |b2_93_V_c94_U     |        0|    5|   0|    -|     2|   16|       32|
    |b2_93_V_c_U       |        0|    5|   0|    -|     3|   16|       48|
    |b2_94_V_c95_U     |        0|    5|   0|    -|     2|   16|       32|
    |b2_94_V_c_U       |        0|    5|   0|    -|     3|   16|       48|
    |b2_95_V_c96_U     |        0|    5|   0|    -|     2|   16|       32|
    |b2_95_V_c_U       |        0|    5|   0|    -|     3|   16|       48|
    |b2_96_V_c97_U     |        0|    5|   0|    -|     2|   16|       32|
    |b2_96_V_c_U       |        0|    5|   0|    -|     3|   16|       48|
    |b2_97_V_c98_U     |        0|    5|   0|    -|     2|   16|       32|
    |b2_97_V_c_U       |        0|    5|   0|    -|     3|   16|       48|
    |b2_98_V_c99_U     |        0|    5|   0|    -|     2|   16|       32|
    |b2_98_V_c_U       |        0|    5|   0|    -|     3|   16|       48|
    |b2_99_V_c100_U    |        0|    5|   0|    -|     2|   16|       32|
    |b2_99_V_c_U       |        0|    5|   0|    -|     3|   16|       48|
    |b2_9_V_c10_U      |        0|    5|   0|    -|     2|   16|       32|
    |b2_9_V_c_U        |        0|    5|   0|    -|     3|   16|       48|
    |layer4_out_V_V_U  |        0|  103|   0|    -|    25|   16|      400|
    +------------------+---------+-----+----+-----+------+-----+---------+
    |Total             |        0| 2663|   0|    0|  1305| 8208|    20880|
    +------------------+---------+-----+----+-----+------+-----+---------+

    * Expression: 
    +-------------------------------------------------------------------------+----------+-------+---+----+------------+------------+
    |                              Variable Name                              | Operation| DSP48E| FF| LUT| Bitwidth P0| Bitwidth P1|
    +-------------------------------------------------------------------------+----------+-------+---+----+------------+------------+
    |Block_proc_U0_ap_ready_count                                             |     +    |      0|  0|   9|           2|           1|
    |conv_2d_cl_me_ap_fixed_ap_fixed_16_14_5_3_0_config2_U0_ap_ready_count    |     +    |      0|  0|   9|           2|           1|
    |myproject_entry3_U0_ap_ready_count                                       |     +    |      0|  0|   9|           2|           1|
    |zeropad2d_cl_me_ap_fixed_ap_fixed_config4_U0_ap_ready_count              |     +    |      0|  0|   9|           2|           1|
    |Block_proc_U0_ap_start                                                   |    and   |      0|  0|   2|           1|           1|
    |ap_idle                                                                  |    and   |      0|  0|   2|           1|           1|
    |ap_sync_done                                                             |    and   |      0|  0|   2|           1|           1|
    |ap_sync_ready                                                            |    and   |      0|  0|   2|           1|           1|
    |conv_2d_cl_me_ap_fixed_ap_fixed_16_14_5_3_0_config2_U0_ap_start          |    and   |      0|  0|   2|           1|           1|
    |myproject_entry3_U0_ap_start                                             |    and   |      0|  0|   2|           1|           1|
    |zeropad2d_cl_me_ap_fixed_ap_fixed_config4_U0_ap_start                    |    and   |      0|  0|   2|           1|           1|
    |ap_sync_Block_proc_U0_ap_ready                                           |    or    |      0|  0|   2|           1|           1|
    |ap_sync_conv_2d_cl_me_ap_fixed_ap_fixed_16_14_5_3_0_config2_U0_ap_ready  |    or    |      0|  0|   2|           1|           1|
    |ap_sync_myproject_entry3_U0_ap_ready                                     |    or    |      0|  0|   2|           1|           1|
    |ap_sync_zeropad2d_cl_me_ap_fixed_ap_fixed_config4_U0_ap_ready            |    or    |      0|  0|   2|           1|           1|
    +-------------------------------------------------------------------------+----------+-------+---+----+------------+------------+
    |Total                                                                    |          |      0|  0|  58|          19|          15|
    +-------------------------------------------------------------------------+----------+-------+---+----+------------+------------+

    * Multiplexer: 
    +-----------------------------------------------------------------------------+----+-----------+-----+-----------+
    |                                     Name                                    | LUT| Input Size| Bits| Total Bits|
    +-----------------------------------------------------------------------------+----+-----------+-----+-----------+
    |Block_proc_U0_ap_ready_count                                                 |   9|          2|    2|          4|
    |ap_sync_reg_Block_proc_U0_ap_ready                                           |   9|          2|    1|          2|
    |ap_sync_reg_conv_2d_cl_me_ap_fixed_ap_fixed_16_14_5_3_0_config2_U0_ap_ready  |   9|          2|    1|          2|
    |ap_sync_reg_myproject_entry3_U0_ap_ready                                     |   9|          2|    1|          2|
    |ap_sync_reg_zeropad2d_cl_me_ap_fixed_ap_fixed_config4_U0_ap_ready            |   9|          2|    1|          2|
    |conv_2d_cl_me_ap_fixed_ap_fixed_16_14_5_3_0_config2_U0_ap_ready_count        |   9|          2|    2|          4|
    |myproject_entry3_U0_ap_ready_count                                           |   9|          2|    2|          4|
    |zeropad2d_cl_me_ap_fixed_ap_fixed_config4_U0_ap_ready_count                  |   9|          2|    2|          4|
    +-----------------------------------------------------------------------------+----+-----------+-----+-----------+
    |Total                                                                        |  72|         16|   12|         24|
    +-----------------------------------------------------------------------------+----+-----------+-----+-----------+

    * Register: 
    +-----------------------------------------------------------------------------+---+----+-----+-----------+
    |                                     Name                                    | FF| LUT| Bits| Const Bits|
    +-----------------------------------------------------------------------------+---+----+-----+-----------+
    |Block_proc_U0_ap_ready_count                                                 |  2|   0|    2|          0|
    |ap_sync_reg_Block_proc_U0_ap_ready                                           |  1|   0|    1|          0|
    |ap_sync_reg_conv_2d_cl_me_ap_fixed_ap_fixed_16_14_5_3_0_config2_U0_ap_ready  |  1|   0|    1|          0|
    |ap_sync_reg_myproject_entry3_U0_ap_ready                                     |  1|   0|    1|          0|
    |ap_sync_reg_zeropad2d_cl_me_ap_fixed_ap_fixed_config4_U0_ap_ready            |  1|   0|    1|          0|
    |conv_2d_cl_me_ap_fixed_ap_fixed_16_14_5_3_0_config2_U0_ap_ready_count        |  2|   0|    2|          0|
    |myproject_entry3_U0_ap_ready_count                                           |  2|   0|    2|          0|
    |zeropad2d_cl_me_ap_fixed_ap_fixed_config4_U0_ap_ready_count                  |  2|   0|    2|          0|
    +-----------------------------------------------------------------------------+---+----+-----+-----------+
    |Total                                                                        | 12|   0|   12|          0|
    +-----------------------------------------------------------------------------+---+----+-----+-----------+



================================================================
== Interface
================================================================
* Summary: 
+-------------------------+-----+------+------------+------------------+--------------+
|        RTL Ports        | Dir | Bits |  Protocol  |   Source Object  |    C Type    |
+-------------------------+-----+------+------------+------------------+--------------+
|input_1_V_V_TDATA        |  in |    16|    axis    |    input_1_V_V   |    pointer   |
|input_1_V_V_TVALID       |  in |     1|    axis    |    input_1_V_V   |    pointer   |
|input_1_V_V_TREADY       | out |     1|    axis    |    input_1_V_V   |    pointer   |
|layer2_out_V_V_TDATA     | out |    16|    axis    |  layer2_out_V_V  |    pointer   |
|layer2_out_V_V_TVALID    | out |     1|    axis    |  layer2_out_V_V  |    pointer   |
|layer2_out_V_V_TREADY    |  in |     1|    axis    |  layer2_out_V_V  |    pointer   |
|const_size_in_1          | out |    16|   ap_vld   |  const_size_in_1 |    pointer   |
|const_size_in_1_ap_vld   | out |     1|   ap_vld   |  const_size_in_1 |    pointer   |
|const_size_out_1         | out |    16|   ap_vld   | const_size_out_1 |    pointer   |
|const_size_out_1_ap_vld  | out |     1|   ap_vld   | const_size_out_1 |    pointer   |
|w2_V_address0            | out |    11|  ap_memory |       w2_V       |     array    |
|w2_V_ce0                 | out |     1|  ap_memory |       w2_V       |     array    |
|w2_V_d0                  | out |  8192|  ap_memory |       w2_V       |     array    |
|w2_V_q0                  |  in |  8192|  ap_memory |       w2_V       |     array    |
|w2_V_we0                 | out |     1|  ap_memory |       w2_V       |     array    |
|w2_V_address1            | out |    11|  ap_memory |       w2_V       |     array    |
|w2_V_ce1                 | out |     1|  ap_memory |       w2_V       |     array    |
|w2_V_d1                  | out |  8192|  ap_memory |       w2_V       |     array    |
|w2_V_q1                  |  in |  8192|  ap_memory |       w2_V       |     array    |
|w2_V_we1                 | out |     1|  ap_memory |       w2_V       |     array    |
|b2_0_V                   |  in |    16|   ap_none  |      b2_0_V      |    pointer   |
|b2_1_V                   |  in |    16|   ap_none  |      b2_1_V      |    pointer   |
|b2_2_V                   |  in |    16|   ap_none  |      b2_2_V      |    pointer   |
|b2_3_V                   |  in |    16|   ap_none  |      b2_3_V      |    pointer   |
|b2_4_V                   |  in |    16|   ap_none  |      b2_4_V      |    pointer   |
|b2_5_V                   |  in |    16|   ap_none  |      b2_5_V      |    pointer   |
|b2_6_V                   |  in |    16|   ap_none  |      b2_6_V      |    pointer   |
|b2_7_V                   |  in |    16|   ap_none  |      b2_7_V      |    pointer   |
|b2_8_V                   |  in |    16|   ap_none  |      b2_8_V      |    pointer   |
|b2_9_V                   |  in |    16|   ap_none  |      b2_9_V      |    pointer   |
|b2_10_V                  |  in |    16|   ap_none  |      b2_10_V     |    pointer   |
|b2_11_V                  |  in |    16|   ap_none  |      b2_11_V     |    pointer   |
|b2_12_V                  |  in |    16|   ap_none  |      b2_12_V     |    pointer   |
|b2_13_V                  |  in |    16|   ap_none  |      b2_13_V     |    pointer   |
|b2_14_V                  |  in |    16|   ap_none  |      b2_14_V     |    pointer   |
|b2_15_V                  |  in |    16|   ap_none  |      b2_15_V     |    pointer   |
|b2_16_V                  |  in |    16|   ap_none  |      b2_16_V     |    pointer   |
|b2_17_V                  |  in |    16|   ap_none  |      b2_17_V     |    pointer   |
|b2_18_V                  |  in |    16|   ap_none  |      b2_18_V     |    pointer   |
|b2_19_V                  |  in |    16|   ap_none  |      b2_19_V     |    pointer   |
|b2_20_V                  |  in |    16|   ap_none  |      b2_20_V     |    pointer   |
|b2_21_V                  |  in |    16|   ap_none  |      b2_21_V     |    pointer   |
|b2_22_V                  |  in |    16|   ap_none  |      b2_22_V     |    pointer   |
|b2_23_V                  |  in |    16|   ap_none  |      b2_23_V     |    pointer   |
|b2_24_V                  |  in |    16|   ap_none  |      b2_24_V     |    pointer   |
|b2_25_V                  |  in |    16|   ap_none  |      b2_25_V     |    pointer   |
|b2_26_V                  |  in |    16|   ap_none  |      b2_26_V     |    pointer   |
|b2_27_V                  |  in |    16|   ap_none  |      b2_27_V     |    pointer   |
|b2_28_V                  |  in |    16|   ap_none  |      b2_28_V     |    pointer   |
|b2_29_V                  |  in |    16|   ap_none  |      b2_29_V     |    pointer   |
|b2_30_V                  |  in |    16|   ap_none  |      b2_30_V     |    pointer   |
|b2_31_V                  |  in |    16|   ap_none  |      b2_31_V     |    pointer   |
|b2_32_V                  |  in |    16|   ap_none  |      b2_32_V     |    pointer   |
|b2_33_V                  |  in |    16|   ap_none  |      b2_33_V     |    pointer   |
|b2_34_V                  |  in |    16|   ap_none  |      b2_34_V     |    pointer   |
|b2_35_V                  |  in |    16|   ap_none  |      b2_35_V     |    pointer   |
|b2_36_V                  |  in |    16|   ap_none  |      b2_36_V     |    pointer   |
|b2_37_V                  |  in |    16|   ap_none  |      b2_37_V     |    pointer   |
|b2_38_V                  |  in |    16|   ap_none  |      b2_38_V     |    pointer   |
|b2_39_V                  |  in |    16|   ap_none  |      b2_39_V     |    pointer   |
|b2_40_V                  |  in |    16|   ap_none  |      b2_40_V     |    pointer   |
|b2_41_V                  |  in |    16|   ap_none  |      b2_41_V     |    pointer   |
|b2_42_V                  |  in |    16|   ap_none  |      b2_42_V     |    pointer   |
|b2_43_V                  |  in |    16|   ap_none  |      b2_43_V     |    pointer   |
|b2_44_V                  |  in |    16|   ap_none  |      b2_44_V     |    pointer   |
|b2_45_V                  |  in |    16|   ap_none  |      b2_45_V     |    pointer   |
|b2_46_V                  |  in |    16|   ap_none  |      b2_46_V     |    pointer   |
|b2_47_V                  |  in |    16|   ap_none  |      b2_47_V     |    pointer   |
|b2_48_V                  |  in |    16|   ap_none  |      b2_48_V     |    pointer   |
|b2_49_V                  |  in |    16|   ap_none  |      b2_49_V     |    pointer   |
|b2_50_V                  |  in |    16|   ap_none  |      b2_50_V     |    pointer   |
|b2_51_V                  |  in |    16|   ap_none  |      b2_51_V     |    pointer   |
|b2_52_V                  |  in |    16|   ap_none  |      b2_52_V     |    pointer   |
|b2_53_V                  |  in |    16|   ap_none  |      b2_53_V     |    pointer   |
|b2_54_V                  |  in |    16|   ap_none  |      b2_54_V     |    pointer   |
|b2_55_V                  |  in |    16|   ap_none  |      b2_55_V     |    pointer   |
|b2_56_V                  |  in |    16|   ap_none  |      b2_56_V     |    pointer   |
|b2_57_V                  |  in |    16|   ap_none  |      b2_57_V     |    pointer   |
|b2_58_V                  |  in |    16|   ap_none  |      b2_58_V     |    pointer   |
|b2_59_V                  |  in |    16|   ap_none  |      b2_59_V     |    pointer   |
|b2_60_V                  |  in |    16|   ap_none  |      b2_60_V     |    pointer   |
|b2_61_V                  |  in |    16|   ap_none  |      b2_61_V     |    pointer   |
|b2_62_V                  |  in |    16|   ap_none  |      b2_62_V     |    pointer   |
|b2_63_V                  |  in |    16|   ap_none  |      b2_63_V     |    pointer   |
|b2_64_V                  |  in |    16|   ap_none  |      b2_64_V     |    pointer   |
|b2_65_V                  |  in |    16|   ap_none  |      b2_65_V     |    pointer   |
|b2_66_V                  |  in |    16|   ap_none  |      b2_66_V     |    pointer   |
|b2_67_V                  |  in |    16|   ap_none  |      b2_67_V     |    pointer   |
|b2_68_V                  |  in |    16|   ap_none  |      b2_68_V     |    pointer   |
|b2_69_V                  |  in |    16|   ap_none  |      b2_69_V     |    pointer   |
|b2_70_V                  |  in |    16|   ap_none  |      b2_70_V     |    pointer   |
|b2_71_V                  |  in |    16|   ap_none  |      b2_71_V     |    pointer   |
|b2_72_V                  |  in |    16|   ap_none  |      b2_72_V     |    pointer   |
|b2_73_V                  |  in |    16|   ap_none  |      b2_73_V     |    pointer   |
|b2_74_V                  |  in |    16|   ap_none  |      b2_74_V     |    pointer   |
|b2_75_V                  |  in |    16|   ap_none  |      b2_75_V     |    pointer   |
|b2_76_V                  |  in |    16|   ap_none  |      b2_76_V     |    pointer   |
|b2_77_V                  |  in |    16|   ap_none  |      b2_77_V     |    pointer   |
|b2_78_V                  |  in |    16|   ap_none  |      b2_78_V     |    pointer   |
|b2_79_V                  |  in |    16|   ap_none  |      b2_79_V     |    pointer   |
|b2_80_V                  |  in |    16|   ap_none  |      b2_80_V     |    pointer   |
|b2_81_V                  |  in |    16|   ap_none  |      b2_81_V     |    pointer   |
|b2_82_V                  |  in |    16|   ap_none  |      b2_82_V     |    pointer   |
|b2_83_V                  |  in |    16|   ap_none  |      b2_83_V     |    pointer   |
|b2_84_V                  |  in |    16|   ap_none  |      b2_84_V     |    pointer   |
|b2_85_V                  |  in |    16|   ap_none  |      b2_85_V     |    pointer   |
|b2_86_V                  |  in |    16|   ap_none  |      b2_86_V     |    pointer   |
|b2_87_V                  |  in |    16|   ap_none  |      b2_87_V     |    pointer   |
|b2_88_V                  |  in |    16|   ap_none  |      b2_88_V     |    pointer   |
|b2_89_V                  |  in |    16|   ap_none  |      b2_89_V     |    pointer   |
|b2_90_V                  |  in |    16|   ap_none  |      b2_90_V     |    pointer   |
|b2_91_V                  |  in |    16|   ap_none  |      b2_91_V     |    pointer   |
|b2_92_V                  |  in |    16|   ap_none  |      b2_92_V     |    pointer   |
|b2_93_V                  |  in |    16|   ap_none  |      b2_93_V     |    pointer   |
|b2_94_V                  |  in |    16|   ap_none  |      b2_94_V     |    pointer   |
|b2_95_V                  |  in |    16|   ap_none  |      b2_95_V     |    pointer   |
|b2_96_V                  |  in |    16|   ap_none  |      b2_96_V     |    pointer   |
|b2_97_V                  |  in |    16|   ap_none  |      b2_97_V     |    pointer   |
|b2_98_V                  |  in |    16|   ap_none  |      b2_98_V     |    pointer   |
|b2_99_V                  |  in |    16|   ap_none  |      b2_99_V     |    pointer   |
|b2_100_V                 |  in |    16|   ap_none  |     b2_100_V     |    pointer   |
|b2_101_V                 |  in |    16|   ap_none  |     b2_101_V     |    pointer   |
|b2_102_V                 |  in |    16|   ap_none  |     b2_102_V     |    pointer   |
|b2_103_V                 |  in |    16|   ap_none  |     b2_103_V     |    pointer   |
|b2_104_V                 |  in |    16|   ap_none  |     b2_104_V     |    pointer   |
|b2_105_V                 |  in |    16|   ap_none  |     b2_105_V     |    pointer   |
|b2_106_V                 |  in |    16|   ap_none  |     b2_106_V     |    pointer   |
|b2_107_V                 |  in |    16|   ap_none  |     b2_107_V     |    pointer   |
|b2_108_V                 |  in |    16|   ap_none  |     b2_108_V     |    pointer   |
|b2_109_V                 |  in |    16|   ap_none  |     b2_109_V     |    pointer   |
|b2_110_V                 |  in |    16|   ap_none  |     b2_110_V     |    pointer   |
|b2_111_V                 |  in |    16|   ap_none  |     b2_111_V     |    pointer   |
|b2_112_V                 |  in |    16|   ap_none  |     b2_112_V     |    pointer   |
|b2_113_V                 |  in |    16|   ap_none  |     b2_113_V     |    pointer   |
|b2_114_V                 |  in |    16|   ap_none  |     b2_114_V     |    pointer   |
|b2_115_V                 |  in |    16|   ap_none  |     b2_115_V     |    pointer   |
|b2_116_V                 |  in |    16|   ap_none  |     b2_116_V     |    pointer   |
|b2_117_V                 |  in |    16|   ap_none  |     b2_117_V     |    pointer   |
|b2_118_V                 |  in |    16|   ap_none  |     b2_118_V     |    pointer   |
|b2_119_V                 |  in |    16|   ap_none  |     b2_119_V     |    pointer   |
|b2_120_V                 |  in |    16|   ap_none  |     b2_120_V     |    pointer   |
|b2_121_V                 |  in |    16|   ap_none  |     b2_121_V     |    pointer   |
|b2_122_V                 |  in |    16|   ap_none  |     b2_122_V     |    pointer   |
|b2_123_V                 |  in |    16|   ap_none  |     b2_123_V     |    pointer   |
|b2_124_V                 |  in |    16|   ap_none  |     b2_124_V     |    pointer   |
|b2_125_V                 |  in |    16|   ap_none  |     b2_125_V     |    pointer   |
|b2_126_V                 |  in |    16|   ap_none  |     b2_126_V     |    pointer   |
|b2_127_V                 |  in |    16|   ap_none  |     b2_127_V     |    pointer   |
|b2_128_V                 |  in |    16|   ap_none  |     b2_128_V     |    pointer   |
|b2_129_V                 |  in |    16|   ap_none  |     b2_129_V     |    pointer   |
|b2_130_V                 |  in |    16|   ap_none  |     b2_130_V     |    pointer   |
|b2_131_V                 |  in |    16|   ap_none  |     b2_131_V     |    pointer   |
|b2_132_V                 |  in |    16|   ap_none  |     b2_132_V     |    pointer   |
|b2_133_V                 |  in |    16|   ap_none  |     b2_133_V     |    pointer   |
|b2_134_V                 |  in |    16|   ap_none  |     b2_134_V     |    pointer   |
|b2_135_V                 |  in |    16|   ap_none  |     b2_135_V     |    pointer   |
|b2_136_V                 |  in |    16|   ap_none  |     b2_136_V     |    pointer   |
|b2_137_V                 |  in |    16|   ap_none  |     b2_137_V     |    pointer   |
|b2_138_V                 |  in |    16|   ap_none  |     b2_138_V     |    pointer   |
|b2_139_V                 |  in |    16|   ap_none  |     b2_139_V     |    pointer   |
|b2_140_V                 |  in |    16|   ap_none  |     b2_140_V     |    pointer   |
|b2_141_V                 |  in |    16|   ap_none  |     b2_141_V     |    pointer   |
|b2_142_V                 |  in |    16|   ap_none  |     b2_142_V     |    pointer   |
|b2_143_V                 |  in |    16|   ap_none  |     b2_143_V     |    pointer   |
|b2_144_V                 |  in |    16|   ap_none  |     b2_144_V     |    pointer   |
|b2_145_V                 |  in |    16|   ap_none  |     b2_145_V     |    pointer   |
|b2_146_V                 |  in |    16|   ap_none  |     b2_146_V     |    pointer   |
|b2_147_V                 |  in |    16|   ap_none  |     b2_147_V     |    pointer   |
|b2_148_V                 |  in |    16|   ap_none  |     b2_148_V     |    pointer   |
|b2_149_V                 |  in |    16|   ap_none  |     b2_149_V     |    pointer   |
|b2_150_V                 |  in |    16|   ap_none  |     b2_150_V     |    pointer   |
|b2_151_V                 |  in |    16|   ap_none  |     b2_151_V     |    pointer   |
|b2_152_V                 |  in |    16|   ap_none  |     b2_152_V     |    pointer   |
|b2_153_V                 |  in |    16|   ap_none  |     b2_153_V     |    pointer   |
|b2_154_V                 |  in |    16|   ap_none  |     b2_154_V     |    pointer   |
|b2_155_V                 |  in |    16|   ap_none  |     b2_155_V     |    pointer   |
|b2_156_V                 |  in |    16|   ap_none  |     b2_156_V     |    pointer   |
|b2_157_V                 |  in |    16|   ap_none  |     b2_157_V     |    pointer   |
|b2_158_V                 |  in |    16|   ap_none  |     b2_158_V     |    pointer   |
|b2_159_V                 |  in |    16|   ap_none  |     b2_159_V     |    pointer   |
|b2_160_V                 |  in |    16|   ap_none  |     b2_160_V     |    pointer   |
|b2_161_V                 |  in |    16|   ap_none  |     b2_161_V     |    pointer   |
|b2_162_V                 |  in |    16|   ap_none  |     b2_162_V     |    pointer   |
|b2_163_V                 |  in |    16|   ap_none  |     b2_163_V     |    pointer   |
|b2_164_V                 |  in |    16|   ap_none  |     b2_164_V     |    pointer   |
|b2_165_V                 |  in |    16|   ap_none  |     b2_165_V     |    pointer   |
|b2_166_V                 |  in |    16|   ap_none  |     b2_166_V     |    pointer   |
|b2_167_V                 |  in |    16|   ap_none  |     b2_167_V     |    pointer   |
|b2_168_V                 |  in |    16|   ap_none  |     b2_168_V     |    pointer   |
|b2_169_V                 |  in |    16|   ap_none  |     b2_169_V     |    pointer   |
|b2_170_V                 |  in |    16|   ap_none  |     b2_170_V     |    pointer   |
|b2_171_V                 |  in |    16|   ap_none  |     b2_171_V     |    pointer   |
|b2_172_V                 |  in |    16|   ap_none  |     b2_172_V     |    pointer   |
|b2_173_V                 |  in |    16|   ap_none  |     b2_173_V     |    pointer   |
|b2_174_V                 |  in |    16|   ap_none  |     b2_174_V     |    pointer   |
|b2_175_V                 |  in |    16|   ap_none  |     b2_175_V     |    pointer   |
|b2_176_V                 |  in |    16|   ap_none  |     b2_176_V     |    pointer   |
|b2_177_V                 |  in |    16|   ap_none  |     b2_177_V     |    pointer   |
|b2_178_V                 |  in |    16|   ap_none  |     b2_178_V     |    pointer   |
|b2_179_V                 |  in |    16|   ap_none  |     b2_179_V     |    pointer   |
|b2_180_V                 |  in |    16|   ap_none  |     b2_180_V     |    pointer   |
|b2_181_V                 |  in |    16|   ap_none  |     b2_181_V     |    pointer   |
|b2_182_V                 |  in |    16|   ap_none  |     b2_182_V     |    pointer   |
|b2_183_V                 |  in |    16|   ap_none  |     b2_183_V     |    pointer   |
|b2_184_V                 |  in |    16|   ap_none  |     b2_184_V     |    pointer   |
|b2_185_V                 |  in |    16|   ap_none  |     b2_185_V     |    pointer   |
|b2_186_V                 |  in |    16|   ap_none  |     b2_186_V     |    pointer   |
|b2_187_V                 |  in |    16|   ap_none  |     b2_187_V     |    pointer   |
|b2_188_V                 |  in |    16|   ap_none  |     b2_188_V     |    pointer   |
|b2_189_V                 |  in |    16|   ap_none  |     b2_189_V     |    pointer   |
|b2_190_V                 |  in |    16|   ap_none  |     b2_190_V     |    pointer   |
|b2_191_V                 |  in |    16|   ap_none  |     b2_191_V     |    pointer   |
|b2_192_V                 |  in |    16|   ap_none  |     b2_192_V     |    pointer   |
|b2_193_V                 |  in |    16|   ap_none  |     b2_193_V     |    pointer   |
|b2_194_V                 |  in |    16|   ap_none  |     b2_194_V     |    pointer   |
|b2_195_V                 |  in |    16|   ap_none  |     b2_195_V     |    pointer   |
|b2_196_V                 |  in |    16|   ap_none  |     b2_196_V     |    pointer   |
|b2_197_V                 |  in |    16|   ap_none  |     b2_197_V     |    pointer   |
|b2_198_V                 |  in |    16|   ap_none  |     b2_198_V     |    pointer   |
|b2_199_V                 |  in |    16|   ap_none  |     b2_199_V     |    pointer   |
|b2_200_V                 |  in |    16|   ap_none  |     b2_200_V     |    pointer   |
|b2_201_V                 |  in |    16|   ap_none  |     b2_201_V     |    pointer   |
|b2_202_V                 |  in |    16|   ap_none  |     b2_202_V     |    pointer   |
|b2_203_V                 |  in |    16|   ap_none  |     b2_203_V     |    pointer   |
|b2_204_V                 |  in |    16|   ap_none  |     b2_204_V     |    pointer   |
|b2_205_V                 |  in |    16|   ap_none  |     b2_205_V     |    pointer   |
|b2_206_V                 |  in |    16|   ap_none  |     b2_206_V     |    pointer   |
|b2_207_V                 |  in |    16|   ap_none  |     b2_207_V     |    pointer   |
|b2_208_V                 |  in |    16|   ap_none  |     b2_208_V     |    pointer   |
|b2_209_V                 |  in |    16|   ap_none  |     b2_209_V     |    pointer   |
|b2_210_V                 |  in |    16|   ap_none  |     b2_210_V     |    pointer   |
|b2_211_V                 |  in |    16|   ap_none  |     b2_211_V     |    pointer   |
|b2_212_V                 |  in |    16|   ap_none  |     b2_212_V     |    pointer   |
|b2_213_V                 |  in |    16|   ap_none  |     b2_213_V     |    pointer   |
|b2_214_V                 |  in |    16|   ap_none  |     b2_214_V     |    pointer   |
|b2_215_V                 |  in |    16|   ap_none  |     b2_215_V     |    pointer   |
|b2_216_V                 |  in |    16|   ap_none  |     b2_216_V     |    pointer   |
|b2_217_V                 |  in |    16|   ap_none  |     b2_217_V     |    pointer   |
|b2_218_V                 |  in |    16|   ap_none  |     b2_218_V     |    pointer   |
|b2_219_V                 |  in |    16|   ap_none  |     b2_219_V     |    pointer   |
|b2_220_V                 |  in |    16|   ap_none  |     b2_220_V     |    pointer   |
|b2_221_V                 |  in |    16|   ap_none  |     b2_221_V     |    pointer   |
|b2_222_V                 |  in |    16|   ap_none  |     b2_222_V     |    pointer   |
|b2_223_V                 |  in |    16|   ap_none  |     b2_223_V     |    pointer   |
|b2_224_V                 |  in |    16|   ap_none  |     b2_224_V     |    pointer   |
|b2_225_V                 |  in |    16|   ap_none  |     b2_225_V     |    pointer   |
|b2_226_V                 |  in |    16|   ap_none  |     b2_226_V     |    pointer   |
|b2_227_V                 |  in |    16|   ap_none  |     b2_227_V     |    pointer   |
|b2_228_V                 |  in |    16|   ap_none  |     b2_228_V     |    pointer   |
|b2_229_V                 |  in |    16|   ap_none  |     b2_229_V     |    pointer   |
|b2_230_V                 |  in |    16|   ap_none  |     b2_230_V     |    pointer   |
|b2_231_V                 |  in |    16|   ap_none  |     b2_231_V     |    pointer   |
|b2_232_V                 |  in |    16|   ap_none  |     b2_232_V     |    pointer   |
|b2_233_V                 |  in |    16|   ap_none  |     b2_233_V     |    pointer   |
|b2_234_V                 |  in |    16|   ap_none  |     b2_234_V     |    pointer   |
|b2_235_V                 |  in |    16|   ap_none  |     b2_235_V     |    pointer   |
|b2_236_V                 |  in |    16|   ap_none  |     b2_236_V     |    pointer   |
|b2_237_V                 |  in |    16|   ap_none  |     b2_237_V     |    pointer   |
|b2_238_V                 |  in |    16|   ap_none  |     b2_238_V     |    pointer   |
|b2_239_V                 |  in |    16|   ap_none  |     b2_239_V     |    pointer   |
|b2_240_V                 |  in |    16|   ap_none  |     b2_240_V     |    pointer   |
|b2_241_V                 |  in |    16|   ap_none  |     b2_241_V     |    pointer   |
|b2_242_V                 |  in |    16|   ap_none  |     b2_242_V     |    pointer   |
|b2_243_V                 |  in |    16|   ap_none  |     b2_243_V     |    pointer   |
|b2_244_V                 |  in |    16|   ap_none  |     b2_244_V     |    pointer   |
|b2_245_V                 |  in |    16|   ap_none  |     b2_245_V     |    pointer   |
|b2_246_V                 |  in |    16|   ap_none  |     b2_246_V     |    pointer   |
|b2_247_V                 |  in |    16|   ap_none  |     b2_247_V     |    pointer   |
|b2_248_V                 |  in |    16|   ap_none  |     b2_248_V     |    pointer   |
|b2_249_V                 |  in |    16|   ap_none  |     b2_249_V     |    pointer   |
|b2_250_V                 |  in |    16|   ap_none  |     b2_250_V     |    pointer   |
|b2_251_V                 |  in |    16|   ap_none  |     b2_251_V     |    pointer   |
|b2_252_V                 |  in |    16|   ap_none  |     b2_252_V     |    pointer   |
|b2_253_V                 |  in |    16|   ap_none  |     b2_253_V     |    pointer   |
|b2_254_V                 |  in |    16|   ap_none  |     b2_254_V     |    pointer   |
|b2_255_V                 |  in |    16|   ap_none  |     b2_255_V     |    pointer   |
|ap_clk                   |  in |     1| ap_ctrl_hs |     myproject    | return value |
|ap_rst_n                 |  in |     1| ap_ctrl_hs |     myproject    | return value |
|ap_start                 |  in |     1| ap_ctrl_hs |     myproject    | return value |
|ap_done                  | out |     1| ap_ctrl_hs |     myproject    | return value |
|ap_ready                 | out |     1| ap_ctrl_hs |     myproject    | return value |
|ap_idle                  | out |     1| ap_ctrl_hs |     myproject    | return value |
+-------------------------+-----+------+------------+------------------+--------------+

